MathFormalCore.Side24.coneMoment_d2 Classical.choice,Quot.sound,propext
MathFormalCore.Side24.coneMoment_d3_rational Classical.choice,Quot.sound,propext
MathFormalCore.Side24.coneMoment_d3_sqrt Classical.choice,Quot.sound,propext
MathFormalCore.Side24.constants_chain Classical.choice,Quot.sound,propext
MathFormalCore.Side24.cubeCount_constant -
MathFormalCore.Side24.cubeRoot_simplification Classical.choice,Quot.sound,propext
MathFormalCore.Side24.displayedEndpoints_adjacent -
MathFormalCore.Side24.eps_below_one_over_28 -
MathFormalCore.Side24.exponentBounds_d2 Classical.choice,Quot.sound,propext
MathFormalCore.Side24.exponentBounds_d3 Classical.choice,Quot.sound,propext
MathFormalCore.Side24.exponent_bookkeeping -
MathFormalCore.Side24.fiftyEight_lt_sq Classical.choice,Quot.sound,propext
MathFormalCore.Side24.geometric_doubling -
MathFormalCore.Side24.imageConstant_eq -
MathFormalCore.Side24.jointDimension_d3 -
MathFormalCore.Side24.oddBlock_shift_det Classical.choice,Quot.sound,propext
MathFormalCore.Side24.oddBlock_shift_minor Classical.choice,Quot.sound,propext
MathFormalCore.Side24.oddBlock_traceDet -
MathFormalCore.Side24.outwardGrid_refines propext
MathFormalCore.Side24.pairingCoefficients -
MathFormalCore.Side24.pairingSum -
MathFormalCore.Side24.ratioBounds_within_32 -
MathFormalCore.Side24.ratio_constants -
MathFormalCore.Side24.refIntervals_ordered Classical.choice,Quot.sound,propext
MathFormalCore.Side24.s_fourthMoment Classical.choice,Quot.sound,propext
MathFormalCore.Side24.s_moment_combination Classical.choice,Quot.sound,propext
MathFormalCore.Side24.sixtyE_lt_eps -
MathFormalCore.Side24.sixty_factor -
MathFormalCore.Side24.spectralNorm_constant -
MathFormalCore.Side24.taylorExp_288_125_gt_ten Classical.choice,Quot.sound,propext
MathFormalCore.Side24.thirtyTwoEps_lt -
MathFormalCore.Side24.transfer_d2 Classical.choice,Quot.sound,propext
MathFormalCore.Side24.transfer_d3 Classical.choice,Quot.sound,propext
MathFormalCore.Side24.truncation_positive Quot.sound,propext
MathFormalCore.Side24.vCov_det -
MathFormalCore.Side24.varA_m1 Classical.choice,Quot.sound,propext
