MathFormalReal.Side24.cRef_pos Classical.choice,Quot.sound,propext
MathFormalReal.Side24.coneMoment_d3_bounds Classical.choice,Quot.sound,propext
MathFormalReal.Side24.enclosure_transfer Classical.choice,Quot.sound,propext
MathFormalReal.Side24.exp_288_125_gt_ten Classical.choice,Quot.sound,propext
MathFormalReal.Side24.exp_neg_288_lt Classical.choice,Quot.sound,propext
MathFormalReal.Side24.oddBlock_minEigen_gt_third Classical.choice,Quot.sound,propext
MathFormalReal.Side24.relBound_lt_one Classical.choice,Quot.sound,propext
MathFormalReal.Side24.side24_of_inputs Classical.choice,Quot.sound,propext
